---
source: src/tests.rs
assertion_line: 144
expression: struct_type_crate
---
Struct(
    Struct {
        attributes: [],
        vis_marker: Some(
            crate,
        ),
        name: "Hello",
        generic_params: None,
        where_clauses: None,
        fields: Named(
            [
                NamedField {
                    attributes: [],
                    vis_marker: None,
                    name: "a",
                    ty: [
                        "A",
                    ],
                },
                NamedField {
                    attributes: [],
                    vis_marker: None,
                    name: "b",
                    ty: [
                        "B",
                    ],
                },
            ],
        ),
    },
)
