---
source: src/tests.rs
assertion_line: 215
expression: struct_type
---
Struct(
    Struct {
        attributes: [],
        vis_marker: Some(
            pub,
        ),
        _struct: Ident(
            struct,
        ),
        name: Ident(
            Hello,
        ),
        generic_params: None,
        where_clauses: None,
        fields: Tuple(
            [
                TupleField {
                    attributes: [],
                    vis_marker: Some(
                        pub,
                    ),
                    ty: [
                        A,
                    ],
                },
                TupleField {
                    attributes: [],
                    vis_marker: Some(
                        pub(
                            super,
                        ),
                    ),
                    ty: [
                        B,
                    ],
                },
                TupleField {
                    attributes: [],
                    vis_marker: Some(
                        crate,
                    ),
                    ty: [
                        C,
                    ],
                },
                TupleField {
                    attributes: [],
                    vis_marker: None,
                    ty: [
                        D,
                    ],
                },
            ],
        ),
        _semicolon: Some(
            Punct {
                char: ';',
                spacing: Alone,
            },
        ),
    },
)
