---
source: src/tests.rs
expression: owned_args
---
GenericArgList {
    args: [
        Lifetime {
            lifetime: Lifetime {
                tk_apostrophe: Punct {
                    char: '\'',
                    spacing: Joint,
                },
                name: Ident(
                    a,
                ),
            },
        },
        TypeOrConst {
            expr: [
                T,
            ],
        },
        TypeOrConst {
            expr: [
                U,
            ],
        },
        TypeOrConst {
            expr: [
                N,
            ],
        },
    ],
}
