---
source: src/tests.rs
assertion_line: 356
expression: struct_type
---
Struct(
    Struct {
        attributes: [],
        vis_marker: None,
        name: "Hello",
        generic_params: Some(
            [
                "<",
                "X",
                ",",
                "Y",
                ":",
                "Z",
                "<",
                "A",
                ">",
                ",",
                "Z",
                ">",
            ],
        ),
        where_clauses: None,
        fields: Unit,
    },
)
