---
source: src/tests.rs
assertion_line: 100
expression: struct_type_pub_crate
---
Struct(
    Struct {
        attributes: [],
        vis_marker: Some(
            pub(
                "crate",
            ),
        ),
        name: "Hello",
        generic_params: None,
        fields: Unit,
    },
)
