---
source: src/tests.rs
assertion_line: 98
expression: struct_type_crate
---
Struct(
    Struct {
        attributes: [],
        vis_marker: Some(
            crate,
        ),
        name: Ident(
            Hello,
        ),
        generic_params: None,
        where_clauses: None,
        fields: Unit,
    },
)
