---
source: src/tests.rs
assertion_line: 362
expression: struct_type
---
Struct(
    Struct {
        attributes: [],
        vis_marker: None,
        name: Ident(
            Hello,
        ),
        generic_params: Some(
            [
                "<",
                "X",
                ",",
                "Y",
                ":",
                "Z",
                "<",
                "A",
                ">",
                ",",
                "Z",
                ">",
            ],
        ),
        where_clauses: None,
        fields: Tuple(
            [
                TupleField {
                    attributes: [],
                    vis_marker: None,
                    ty: [
                        "A",
                    ],
                },
                TupleField {
                    attributes: [],
                    vis_marker: None,
                    ty: [
                        "B",
                    ],
                },
            ],
        ),
    },
)
