---
source: src/tests.rs
assertion_line: 335
expression: struct_type
---
Struct(
    Struct {
        attributes: [
            Attribute {
                tk_hashbang: Punct {
                    char: '#',
                    spacing: Alone,
                },
                tk_brackets: [],
                path: [
                    hello,
                    ":",
                    ":",
                    world,
                ],
                value: Empty,
            },
            Attribute {
                tk_hashbang: Punct {
                    char: '#',
                    spacing: Alone,
                },
                tk_brackets: [],
                path: [
                    hello,
                ],
                value: Equals(
                    [
                        a,
                        "+",
                        b,
                    ],
                    Punct {
                        char: '=',
                        spacing: Alone,
                    },
                ),
            },
            Attribute {
                tk_hashbang: Punct {
                    char: '#',
                    spacing: Alone,
                },
                tk_brackets: [],
                path: [
                    hello,
                    ":",
                    ":",
                    world,
                ],
                value: Equals(
                    [
                        a,
                        "+",
                        b,
                    ],
                    Punct {
                        char: '=',
                        spacing: Alone,
                    },
                ),
            },
            Attribute {
                tk_hashbang: Punct {
                    char: '#',
                    spacing: Alone,
                },
                tk_brackets: [],
                path: [
                    hello,
                ],
                value: Group(
                    [
                        a,
                        b,
                        c,
                    ],
                    (),
                ),
            },
            Attribute {
                tk_hashbang: Punct {
                    char: '#',
                    spacing: Alone,
                },
                tk_brackets: [],
                path: [
                    hello,
                    ":",
                    ":",
                    world,
                ],
                value: Group(
                    [
                        a,
                        b,
                        c,
                    ],
                    (),
                ),
            },
        ],
        vis_marker: Some(
            pub,
        ),
        tk_struct: Ident(
            struct,
        ),
        name: Ident(
            Hello,
        ),
        generic_params: None,
        where_clause: None,
        fields: Unit,
        tk_semicolon: Some(
            Punct {
                char: ';',
                spacing: Alone,
            },
        ),
    },
)
