---
source: src/tests.rs
assertion_line: 706
expression: basic_type
---
Struct {
    attributes: [],
    vis_marker: None,
    name: Ident(
        Hello,
    ),
    generic_params: Some(
        [
            GenericParam {
                name: "b",
                bound: Some(
                    [
                        "c + d",
                    ],
                ),
            },
        ],
    ),
    where_clauses: None,
    fields: Named(
        [
            NamedField {
                attributes: [],
                vis_marker: None,
                name: Ident(
                    a,
                ),
                _colon: Punct {
                    char: ':',
                    spacing: Alone,
                },
                ty: [
                    A,
                ],
            },
            NamedField {
                attributes: [],
                vis_marker: None,
                name: Ident(
                    b,
                ),
                _colon: Punct {
                    char: ':',
                    spacing: Alone,
                },
                ty: [
                    B,
                ],
            },
        ],
    ),
    _semicolon: None,
}
