---
source: src/tests.rs
expression: const_decl
---
Constant(
    Constant {
        attributes: [],
        vis_marker: None,
        tk_const_or_static: Ident(
            const,
        ),
        tk_mut: None,
        name: Ident(
            CONSTANT,
        ),
        tk_colon: Punct {
            char: ':',
            spacing: Alone,
        },
        ty: [
            i32,
        ],
        tk_equals: Some(
            Punct {
                char: '=',
                spacing: Alone,
            },
        ),
        initializer: Some(
            [
                20,
            ],
        ),
        tk_semicolon: Punct {
            char: ';',
            spacing: Alone,
        },
    },
)
