---
source: src/tests.rs
assertion_line: 97
expression: struct_type_pub_crate
---
Struct(
    Struct {
        attributes: [],
        vis_marker: Some(
            pub(
                "crate",
            ),
        ),
        name: Ident(
            Hello,
        ),
        generic_params: None,
        where_clauses: None,
        fields: Unit,
    },
)
