---
source: src/tests.rs
assertion_line: 187
expression: struct_type
---
Struct(
    Struct {
        attributes: [],
        vis_marker: Some(
            pub,
        ),
        name: "Hello",
        generic_params: None,
        where_clauses: None,
        fields: Named(
            [
                NamedField {
                    attributes: [],
                    vis_marker: Some(
                        pub,
                    ),
                    name: "a",
                    ty: [
                        "A",
                    ],
                },
                NamedField {
                    attributes: [],
                    vis_marker: Some(
                        pub(
                            "super",
                        ),
                    ),
                    name: "b",
                    ty: [
                        "B",
                    ],
                },
                NamedField {
                    attributes: [],
                    vis_marker: Some(
                        crate,
                    ),
                    name: "c",
                    ty: [
                        "C",
                    ],
                },
                NamedField {
                    attributes: [],
                    vis_marker: None,
                    name: "d",
                    ty: [
                        "D",
                    ],
                },
            ],
        ),
    },
)
