---
source: src/tests.rs
assertion_line: 141
expression: struct_type_crate
---
Struct(
    Struct {
        attributes: [],
        vis_marker: Some(
            crate,
        ),
        name: Ident(
            Hello,
        ),
        generic_params: None,
        where_clauses: None,
        fields: Named(
            [
                NamedField {
                    attributes: [],
                    vis_marker: None,
                    name: Ident(
                        a,
                    ),
                    ty: [
                        "A",
                    ],
                },
                NamedField {
                    attributes: [],
                    vis_marker: None,
                    name: Ident(
                        b,
                    ),
                    ty: [
                        "B",
                    ],
                },
            ],
        ),
    },
)
