---
source: src/tests.rs
assertion_line: 96
expression: struct_type_pub
---
Struct(
    Struct {
        name: "Hello",
        fields: Tuple(
            [
                TupleField {
                    ty: [
                        "A",
                    ],
                },
                TupleField {
                    ty: [
                        "B",
                    ],
                },
            ],
        ),
    },
)
