---
source: src/tests.rs
expression: path
---
Path {
    segments: [
        PathSegment {
            tk_separator_colons: "::",
            ident: Ident(
                path,
            ),
        },
        PathSegment {
            tk_separator_colons: "::",
            ident: Ident(
                to,
            ),
        },
        PathSegment {
            tk_separator_colons: "::",
            ident: Ident(
                Type,
            ),
        },
    ],
}
