---
source: src/tests.rs
assertion_line: 304
expression: struct_type
---
Struct(
    Struct {
        attributes: [],
        vis_marker: Some(
            pub,
        ),
        tk_struct: Ident(
            struct,
        ),
        name: Ident(
            Hello,
        ),
        generic_params: None,
        where_clause: None,
        fields: Named(
            [
                NamedField {
                    attributes: [
                        Attribute {
                            tk_hashbang: Punct {
                                char: '#',
                                spacing: Alone,
                            },
                            tk_braces: [],
                            path: [
                                hello,
                            ],
                            tk_equals: None,
                            tk_group: None,
                            value: None,
                        },
                    ],
                    vis_marker: None,
                    name: Ident(
                        a,
                    ),
                    tk_colon: Punct {
                        char: ':',
                        spacing: Alone,
                    },
                    ty: [
                        A,
                    ],
                },
                NamedField {
                    attributes: [],
                    vis_marker: None,
                    name: Ident(
                        b,
                    ),
                    tk_colon: Punct {
                        char: ':',
                        spacing: Alone,
                    },
                    ty: [
                        B,
                    ],
                },
                NamedField {
                    attributes: [
                        Attribute {
                            tk_hashbang: Punct {
                                char: '#',
                                spacing: Alone,
                            },
                            tk_braces: [],
                            path: [
                                hello,
                            ],
                            tk_equals: None,
                            tk_group: None,
                            value: None,
                        },
                        Attribute {
                            tk_hashbang: Punct {
                                char: '#',
                                spacing: Alone,
                            },
                            tk_braces: [],
                            path: [
                                hello,
                            ],
                            tk_equals: None,
                            tk_group: None,
                            value: None,
                        },
                        Attribute {
                            tk_hashbang: Punct {
                                char: '#',
                                spacing: Alone,
                            },
                            tk_braces: [],
                            path: [
                                hello,
                            ],
                            tk_equals: None,
                            tk_group: None,
                            value: None,
                        },
                    ],
                    vis_marker: None,
                    name: Ident(
                        c,
                    ),
                    tk_colon: Punct {
                        char: ':',
                        spacing: Alone,
                    },
                    ty: [
                        C,
                    ],
                },
                NamedField {
                    attributes: [],
                    vis_marker: None,
                    name: Ident(
                        d,
                    ),
                    tk_colon: Punct {
                        char: ':',
                        spacing: Alone,
                    },
                    ty: [
                        D,
                    ],
                },
            ],
        ),
        tk_semicolon: None,
    },
)
