---
source: src/tests.rs
assertion_line: 82
expression: struct_type
---
Struct(
    Struct {
        attributes: [],
        vis_marker: None,
        name: Ident(
            Hello,
        ),
        generic_params: None,
        where_clauses: None,
        fields: Tuple(
            [],
        ),
        _semicolon: Some(
            Punct {
                char: ';',
                spacing: Alone,
            },
        ),
    },
)
