---
source: src/tests.rs
assertion_line: 349
expression: struct_type
---
Struct(
    Struct {
        attributes: [],
        vis_marker: None,
        tk_struct: Ident(
            struct,
        ),
        name: Ident(
            Hello,
        ),
        generic_params: None,
        where_clause: Some(
            [
                [
                    A,
                    ":",
                    B,
                ],
                [
                    C,
                    "<",
                    D,
                    ">",
                    ":",
                    E,
                    "<",
                    F,
                    ">",
                ],
            ],
        ),
        fields: Tuple(
            [
                TupleField {
                    attributes: [],
                    vis_marker: None,
                    ty: [
                        A,
                    ],
                },
                TupleField {
                    attributes: [],
                    vis_marker: None,
                    ty: [
                        B,
                    ],
                },
            ],
        ),
        tk_semicolon: Some(
            Punct {
                char: ';',
                spacing: Alone,
            },
        ),
    },
)
