---
source: src/tests.rs
assertion_line: 727
expression: type_with_args
---
Struct {
    attributes: [],
    vis_marker: None,
    _struct: Ident(
        struct,
    ),
    name: Ident(
        Hello,
    ),
    generic_params: Some(
        [
            GenericParam {
                name: "A",
                bound: None,
            },
            GenericParam {
                name: "B",
                bound: None,
            },
            GenericParam {
                name: "T",
                bound: None,
            },
        ],
    ),
    where_clauses: None,
    fields: Named(
        [
            NamedField {
                attributes: [],
                vis_marker: None,
                name: Ident(
                    a,
                ),
                _colon: Punct {
                    char: ':',
                    spacing: Alone,
                },
                ty: [
                    A,
                ],
            },
            NamedField {
                attributes: [],
                vis_marker: None,
                name: Ident(
                    b,
                ),
                _colon: Punct {
                    char: ':',
                    spacing: Alone,
                },
                ty: [
                    B,
                ],
            },
        ],
    ),
    _semicolon: None,
}
