---
source: src/tests.rs
expression: func
---
Function(
    Function {
        attributes: [],
        vis_marker: None,
        qualifiers: FunctionQualifiers {
            tk_default: None,
            tk_const: None,
            tk_async: None,
            tk_unsafe: None,
            tk_extern: None,
            extern_abi: None,
        },
        name: Ident(
            test_me,
        ),
        generic_params: None,
        tk_params_parens: (),
        params: [],
        where_clause: None,
        tk_return_arrow: None,
        return_ty: None,
        body: Some(
            Group {
                delimiter: Brace,
                stream: TokenStream [],
            },
        ),
    },
)
