---
source: src/tests.rs
assertion_line: 377
expression: struct_type
---
Struct(
    Struct {
        attributes: [],
        vis_marker: None,
        name: "Hello",
        generic_params: Some(
            [
                "<",
                "X",
                ",",
                "Y",
                ":",
                "Z",
                "<",
                "A",
                ">",
                ",",
                "Z",
                ">",
            ],
        ),
        where_clauses: None,
        fields: Named(
            [
                NamedField {
                    attributes: [],
                    vis_marker: None,
                    name: "a",
                    ty: [
                        "A",
                    ],
                },
                NamedField {
                    attributes: [],
                    vis_marker: None,
                    name: "b",
                    ty: [
                        "B",
                        "<",
                        "X",
                        ",",
                        "Y",
                        ",",
                        "Z",
                        ">",
                    ],
                },
            ],
        ),
    },
)
