---
source: src/tests.rs
assertion_line: 374
expression: struct_type
---
Struct(
    Struct {
        attributes: [],
        vis_marker: None,
        _struct: Ident(
            struct,
        ),
        name: Ident(
            Hello,
        ),
        generic_params: None,
        where_clause: Some(
            [],
        ),
        fields: Unit,
        _semicolon: Some(
            Punct {
                char: ';',
                spacing: Alone,
            },
        ),
    },
)
