---
source: src/tests.rs
assertion_line: 374
expression: struct_type
---
Struct(
    Struct {
        name: "Hello",
        fields: Named(
            [
                NamedField {
                    attributes: [],
                    name: "a",
                    ty: [
                        "A",
                    ],
                },
                NamedField {
                    attributes: [],
                    name: "b",
                    ty: [
                        "B",
                        "<",
                        "X",
                        ",",
                        "Y",
                        ",",
                        "Z",
                        ">",
                    ],
                },
            ],
        ),
    },
)
