---
source: src/tests.rs
expression: impl_decl
---
Impl(
    Impl {
        attributes: [],
        tk_unsafe: Some(
            Ident(
                unsafe,
            ),
        ),
        tk_impl: Ident(
            impl,
        ),
        impl_generic_params: Some(
            [
                GenericParam {
                    tk_prefix: "'",
                    name: "a",
                    bound: None,
                },
                GenericParam {
                    name: "T",
                    bound: None,
                },
                GenericParam {
                    tk_prefix: "const",
                    name: "N",
                    bound: Some(
                        [
                            i8,
                        ],
                    ),
                },
            ],
        ),
        trait_ty: Some(
            [
                traits,
                ":",
                ":",
                MyTrait,
                "<",
                T,
                ",",
                N,
                ">",
            ],
        ),
        tk_for: Some(
            Ident(
                for,
            ),
        ),
        self_ty: [
            structs,
            ":",
            ":",
            MyStruct,
            "<",
            "'",
            a,
            ",",
            T,
            ">",
        ],
        where_clause: Some(
            [
                [
                    T,
                    ":",
                    Clone,
                ],
            ],
        ),
        tk_braces: {},
        inner_attributes: [],
        body_items: [
            Constant(
                Constant {
                    attributes: [
                        Attribute {
                            tk_hash: Punct {
                                char: '#',
                                spacing: Alone,
                            },
                            tk_brackets: [],
                            path: [
                                attr,
                            ],
                            value: Empty,
                        },
                    ],
                    vis_marker: Some(
                        pub(
                            crate,
                        ),
                    ),
                    tk_const_or_static: Ident(
                        const,
                    ),
                    tk_mut: None,
                    name: Ident(
                        CONSTANT,
                    ),
                    tk_colon: Punct {
                        char: ':',
                        spacing: Alone,
                    },
                    ty: [
                        i8,
                    ],
                    tk_equals: Some(
                        Punct {
                            char: '=',
                            spacing: Alone,
                        },
                    ),
                    initializer: Some(
                        [
                            N,
                        ],
                    ),
                    tk_semicolon: Punct {
                        char: ';',
                        spacing: Alone,
                    },
                },
            ),
        ],
    },
)
