---
source: src/tests.rs
expression: impl_decl
---
Impl(
    Impl {
        attributes: [
            Attribute {
                tk_hash: Punct {
                    char: '#',
                    spacing: Alone,
                },
                tk_brackets: [],
                path: [
                    outer,
                ],
                value: Empty,
            },
        ],
        tk_unsafe: None,
        tk_impl: Ident(
            impl,
        ),
        impl_generic_params: None,
        trait_ty: Some(
            [
                MyTrait,
            ],
        ),
        tk_for: Some(
            Ident(
                for,
            ),
        ),
        self_ty: [
            MyStruct,
        ],
        where_clause: None,
        tk_braces: {},
        inner_attributes: [
            Attribute {
                tk_hash: Punct {
                    char: '#',
                    spacing: Alone,
                },
                tk_bang: Punct {
                    char: '!',
                    spacing: Alone,
                },
                tk_brackets: [],
                path: [
                    inner,
                ],
                value: Empty,
            },
            Attribute {
                tk_hash: Punct {
                    char: '#',
                    spacing: Alone,
                },
                tk_bang: Punct {
                    char: '!',
                    spacing: Alone,
                },
                tk_brackets: [],
                path: [
                    inner2,
                ],
                value: Empty,
            },
        ],
        body_items: [
            AssocType(
                TypeAlias {
                    attributes: [
                        Attribute {
                            tk_hash: Punct {
                                char: '#',
                                spacing: Alone,
                            },
                            tk_brackets: [],
                            path: [
                                attr,
                            ],
                            value: Empty,
                        },
                        Attribute {
                            tk_hash: Punct {
                                char: '#',
                                spacing: Alone,
                            },
                            tk_brackets: [],
                            path: [
                                attr2,
                            ],
                            value: Empty,
                        },
                    ],
                    vis_marker: Some(
                        pub,
                    ),
                    tk_type: Ident(
                        type,
                    ),
                    name: Ident(
                        MyType,
                    ),
                    bound: None,
                    tk_equals: Some(
                        Punct {
                            char: '=',
                            spacing: Alone,
                        },
                    ),
                    initializer_ty: Some(
                        [
                            std,
                            ":",
                            ":",
                            string,
                            ":",
                            ":",
                            String,
                        ],
                    ),
                    tk_semicolon: Punct {
                        char: ';',
                        spacing: Alone,
                    },
                },
            ),
            AssocFunction(
                Function {
                    attributes: [],
                    vis_marker: None,
                    qualifiers: FnQualifiers {
                        tk_default: None,
                        tk_const: None,
                        tk_async: None,
                        tk_unsafe: None,
                        tk_extern: None,
                        extern_abi: None,
                    },
                    tk_fn_keyword: Ident(
                        fn,
                    ),
                    name: Ident(
                        new,
                    ),
                    generic_params: None,
                    tk_params_parens: (),
                    params: [
                        Typed(
                            FnTypedParam {
                                attributes: [],
                                tk_mut: None,
                                name: Ident(
                                    i,
                                ),
                                tk_colon: Punct {
                                    char: ':',
                                    spacing: Alone,
                                },
                                ty: [
                                    i32,
                                ],
                            },
                        ),
                        Typed(
                            FnTypedParam {
                                attributes: [],
                                tk_mut: None,
                                name: Ident(
                                    b,
                                ),
                                tk_colon: Punct {
                                    char: ':',
                                    spacing: Alone,
                                },
                                ty: [
                                    bool,
                                ],
                            },
                        ),
                    ],
                    where_clause: None,
                    tk_return_arrow: Some(
                        [
                            Punct {
                                char: '-',
                                spacing: Joint,
                            },
                            Punct {
                                char: '>',
                                spacing: Alone,
                            },
                        ],
                    ),
                    return_ty: Some(
                        [
                            Self,
                        ],
                    ),
                    tk_semicolon: None,
                    body: Some(
                        Group {
                            delimiter: Brace,
                            stream: TokenStream [
                                Ident {
                                    sym: Self,
                                },
                                Group {
                                    delimiter: Brace,
                                    stream: TokenStream [],
                                },
                            ],
                        },
                    ),
                },
            ),
            AssocFunction(
                Function {
                    attributes: [
                        Attribute {
                            tk_hash: Punct {
                                char: '#',
                                spacing: Alone,
                            },
                            tk_brackets: [],
                            path: [
                                attr,
                            ],
                            value: Empty,
                        },
                    ],
                    vis_marker: None,
                    qualifiers: FnQualifiers {
                        tk_default: None,
                        tk_const: Some(
                            Ident(
                                const,
                            ),
                        ),
                        tk_async: None,
                        tk_unsafe: None,
                        tk_extern: None,
                        extern_abi: None,
                    },
                    tk_fn_keyword: Ident(
                        fn,
                    ),
                    name: Ident(
                        set_value,
                    ),
                    generic_params: None,
                    tk_params_parens: (),
                    params: [
                        Receiver(
                            FnReceiverParam {
                                attributes: [],
                                tk_ref: Some(
                                    Punct {
                                        char: '&',
                                        spacing: Alone,
                                    },
                                ),
                                lifetime: None,
                                tk_mut: Some(
                                    Ident(
                                        mut,
                                    ),
                                ),
                                tk_self: Ident(
                                    self,
                                ),
                            },
                        ),
                        Typed(
                            FnTypedParam {
                                attributes: [],
                                tk_mut: None,
                                name: Ident(
                                    s,
                                ),
                                tk_colon: Punct {
                                    char: ':',
                                    spacing: Alone,
                                },
                                ty: [
                                    String,
                                ],
                            },
                        ),
                    ],
                    where_clause: None,
                    tk_return_arrow: None,
                    return_ty: None,
                    tk_semicolon: None,
                    body: Some(
                        Group {
                            delimiter: Brace,
                            stream: TokenStream [],
                        },
                    ),
                },
            ),
            AssocConstant(
                Constant {
                    attributes: [],
                    vis_marker: None,
                    tk_const_or_static: Ident(
                        const,
                    ),
                    tk_mut: None,
                    name: Ident(
                        CONSTANT,
                    ),
                    tk_colon: Punct {
                        char: ':',
                        spacing: Alone,
                    },
                    ty: [
                        i8,
                    ],
                    tk_equals: Some(
                        Punct {
                            char: '=',
                            spacing: Alone,
                        },
                    ),
                    initializer: Some(
                        [
                            24,
                            "+",
                            7,
                        ],
                    ),
                    tk_semicolon: Punct {
                        char: ';',
                        spacing: Alone,
                    },
                },
            ),
            Macro(
                Macro {
                    attributes: [
                        Attribute {
                            tk_hash: Punct {
                                char: '#',
                                spacing: Alone,
                            },
                            tk_brackets: [],
                            path: [
                                clippy,
                                ":",
                                ":",
                                allow,
                            ],
                            value: Group(
                                [
                                    venial,
                                ],
                                (),
                            ),
                        },
                    ],
                    name: Ident(
                        fn_macro,
                    ),
                    tk_bang: Punct {
                        char: '!',
                        spacing: Alone,
                    },
                    tk_declared_name: None,
                    tk_braces_or_parens: (),
                    inner_tokens: [
                        Ident {
                            sym: MyTrait,
                        },
                    ],
                    tk_semicolon: Some(
                        Punct {
                            char: ';',
                            spacing: Alone,
                        },
                    ),
                },
            ),
            Macro(
                Macro {
                    attributes: [],
                    name: Ident(
                        block_macro,
                    ),
                    tk_bang: Punct {
                        char: '!',
                        spacing: Alone,
                    },
                    tk_declared_name: None,
                    tk_braces_or_parens: {},
                    inner_tokens: [
                        Ident {
                            sym: fn,
                        },
                        Ident {
                            sym: inner_fn,
                        },
                        Group {
                            delimiter: Parenthesis,
                            stream: TokenStream [],
                        },
                        Punct {
                            char: '-',
                            spacing: Joint,
                        },
                        Punct {
                            char: '>',
                            spacing: Alone,
                        },
                        Ident {
                            sym: bool,
                        },
                        Punct {
                            char: ';',
                            spacing: Alone,
                        },
                    ],
                    tk_semicolon: None,
                },
            ),
        ],
    },
)
