---
source: src/tests.rs
assertion_line: 99
expression: enum_type
---
Enum(
    Enum {
        attributes: [],
        vis_marker: None,
        _enum: Ident(
            enum,
        ),
        name: Ident(
            Hello,
        ),
        generic_params: None,
        where_clauses: None,
        variants: [],
    },
)
