---
source: src/tests.rs
assertion_line: 291
expression: struct_type
---
Struct(
    Struct {
        attributes: [],
        vis_marker: Some(
            pub,
        ),
        name: Ident(
            Hello,
        ),
        generic_params: None,
        where_clauses: None,
        fields: Tuple(
            [
                TupleField {
                    attributes: [
                        #[
                            hello,
                        ],
                    ],
                    vis_marker: None,
                    ty: [
                        A,
                    ],
                },
                TupleField {
                    attributes: [],
                    vis_marker: None,
                    ty: [
                        B,
                    ],
                },
                TupleField {
                    attributes: [
                        #[
                            hello,
                        ],
                        #[
                            hello,
                        ],
                        #[
                            hello,
                        ],
                    ],
                    vis_marker: None,
                    ty: [
                        C,
                    ],
                },
                TupleField {
                    attributes: [],
                    vis_marker: None,
                    ty: [
                        D,
                    ],
                },
            ],
        ),
    },
)
