---
source: src/tests.rs
assertion_line: 570
expression: func
---
Function(
    Function {
        attributes: [],
        vis_marker: None,
        qualifiers: FunctionQualifiers {
            tk_default: None,
            tk_const: None,
            tk_async: None,
            tk_unsafe: None,
            tk_extern: None,
            extern_abi: None,
        },
        name: Ident(
            generic,
        ),
        generic_params: Some(
            [
                GenericParam {
                    name: "T",
                    bound: None,
                },
                GenericParam {
                    name: "B",
                    bound: None,
                },
            ],
        ),
        params: [
            FunctionParameter {
                attributes: [],
                name: Ident(
                    a,
                ),
                ty: [
                    T,
                ],
            },
        ],
        where_clause: None,
        return_ty: Some(
            [
                B,
            ],
        ),
        body: Some(
            Group {
                delimiter: Brace,
                stream: TokenStream [],
            },
        ),
    },
)
