---
source: src/tests.rs
expression: struct_type
---
Struct(
    Struct {
        attributes: [
            Attribute {
                tk_hash: Punct {
                    char: '#',
                    spacing: Alone,
                },
                tk_brackets: [],
                path: [
                    hello,
                ],
                value: Empty,
            },
        ],
        vis_marker: Some(
            pub,
        ),
        tk_struct: Ident(
            struct,
        ),
        name: Ident(
            Hello,
        ),
        generic_params: None,
        where_clause: None,
        fields: Unit,
        tk_semicolon: Some(
            Punct {
                char: ';',
                spacing: Alone,
            },
        ),
    },
)
