---
source: src/tests.rs
expression: parsed
---
GenericArgList {
    args: [
        Lifetime {
            tk_lifetime: Punct {
                char: '\'',
                spacing: Joint,
            },
            ident: Ident(
                a,
            ),
        },
        TyOrConst {
            expr: [
                path,
                ":",
                ":",
                to,
                ":",
                ":",
                Type,
            ],
        },
        TyOrConst {
            expr: [
                15,
            ],
        },
        Binding {
            ident: Ident(
                Item,
            ),
            tk_equals: Punct {
                char: '=',
                spacing: Alone,
            },
            ty: [
                i32,
            ],
        },
        TyOrConst {
            expr: [
                module,
                ":",
                ":",
                NestedType,
                "<",
                another,
                ":",
                ":",
                Type,
                ">",
            ],
        },
    ],
}
