---
source: src/tests.rs
assertion_line: 184
expression: struct_type
---
Struct(
    Struct {
        attributes: [],
        vis_marker: Some(
            pub,
        ),
        name: Ident(
            Hello,
        ),
        generic_params: None,
        where_clauses: None,
        fields: Named(
            [
                NamedField {
                    attributes: [],
                    vis_marker: Some(
                        pub,
                    ),
                    name: Ident(
                        a,
                    ),
                    ty: [
                        "A",
                    ],
                },
                NamedField {
                    attributes: [],
                    vis_marker: Some(
                        pub(
                            "super",
                        ),
                    ),
                    name: Ident(
                        b,
                    ),
                    ty: [
                        "B",
                    ],
                },
                NamedField {
                    attributes: [],
                    vis_marker: Some(
                        crate,
                    ),
                    name: Ident(
                        c,
                    ),
                    ty: [
                        "C",
                    ],
                },
                NamedField {
                    attributes: [],
                    vis_marker: None,
                    name: Ident(
                        d,
                    ),
                    ty: [
                        "D",
                    ],
                },
            ],
        ),
    },
)
