---
source: src/tests.rs
expression: struct_type
---
Struct(
    Struct {
        attributes: [],
        vis_marker: None,
        tk_struct: Ident(
            struct,
        ),
        name: Ident(
            Hello,
        ),
        generic_params: Some(
            [
                GenericParam {
                    name: "X",
                    bound: None,
                },
                GenericParam {
                    name: "Y",
                    bound: Some(
                        [
                            Z,
                            "<",
                            A,
                            ">",
                        ],
                    ),
                },
                GenericParam {
                    name: "Z",
                    bound: None,
                },
            ],
        ),
        where_clause: None,
        fields: Tuple(
            [
                TupleField {
                    attributes: [],
                    vis_marker: None,
                    ty: [
                        A,
                    ],
                },
                TupleField {
                    attributes: [],
                    vis_marker: None,
                    ty: [
                        B,
                    ],
                },
            ],
        ),
        tk_semicolon: Some(
            Punct {
                char: ';',
                spacing: Alone,
            },
        ),
    },
)
