---
source: src/tests.rs
assertion_line: 482
expression: func
---
Function(
    Function {
        attributes: [],
        vis_marker: None,
        qualifiers: FunctionQualifiers {
            is_default: false,
            is_const: false,
            is_async: false,
            is_unsafe: false,
            is_extern: false,
            extern_abi: None,
        },
        name: Ident(
            test_me,
        ),
        generic_params: None,
        params: [],
        where_clauses: None,
        return_ty: None,
        body: Some(
            Group {
                delimiter: Brace,
                stream: TokenStream [],
            },
        ),
    },
)
