---
source: src/tests.rs
expression: generic_args
---
GenericArgList {
    args: [
        Lifetime {
            lifetime: Lifetime {
                tk_apostrophe: Punct {
                    char: '\'',
                    spacing: Joint,
                },
                name: Ident(
                    a,
                ),
            },
        },
        TypeOrConst {
            expr: [
                path,
                ":",
                ":",
                to,
                ":",
                ":",
                Type,
            ],
        },
        TypeOrConst {
            expr: [
                15,
            ],
        },
        Binding {
            ident: Ident(
                Item,
            ),
            tk_equals: Punct {
                char: '=',
                spacing: Alone,
            },
            ty: [
                i32,
            ],
        },
        TypeOrConst {
            expr: [
                module,
                ":",
                ":",
                NestedType,
                "<",
                another,
                ":",
                ":",
                Type,
                ">",
            ],
        },
    ],
}
