---
source: src/tests.rs
assertion_line: 115
expression: struct_type_crate
---
Struct(
    Struct {
        attributes: [],
        vis_marker: Some(
            crate,
        ),
        name: "Hello",
        fields: Tuple(
            [
                TupleField {
                    attributes: [],
                    vis_marker: None,
                    ty: [
                        "A",
                    ],
                },
                TupleField {
                    attributes: [],
                    vis_marker: None,
                    ty: [
                        "B",
                    ],
                },
            ],
        ),
    },
)
